     1                                  bits 32 ; assembling for the 32 bits architecture
     2                                  
     3                                  ; declare the EntryPoint (a label defining the very first instruction of the program)
     4                                  global start        
     5                                  
     6                                  ; declare external functions needed by our program
     7                                  extern exit, scanf, printf
     8                                  import exit msvcrt.dll  
     9                                  import scanf msvcrt.dll
    10                                  import printf msvcrt.dll
    11                                  
    12                                  ; A12. Read two doublewords a and b in base 16 from the keyboard. Display the minim value on the screen in format. a= ... b= .... Min = ... because value a < value b or value a > value b or value a = value b
    13                                                            
    14                                  ; our data is declared here (the variables needed by our program)
    15                                  segment data use32 class=data
    16 00000000 00000000                    a dd 0
    17 00000004 00000000                    b dd 0
    18 00000008 257800                      formatx db "%x", 0
    19 0000000B 61203D2025782C2062-         formatPrint db "a = %x, b = %x, Min = %x because value a %s value b", 0
    19 00000014 203D2025782C204D69-
    19 0000001D 6E203D202578206265-
    19 00000026 63617573652076616C-
    19 0000002F 756520612025732076-
    19 00000038 616C7565206200     
    20                                      
    21 0000003F 3C00                        str_less db "<", 0
    22 00000041 3E00                        str_greater db ">", 0
    23 00000043 3D00                        str_equal db "=", 0
    24                                      
    25 00000045 00000000                    min_val dd 0    
    26                                  
    27                                  ; our code starts here
    28                                  segment code use32 class=code
    29                                      start:
    30 00000000 68[00000000]                    push dword a
    31 00000005 68[08000000]                    push dword formatx
    32 0000000A FF15[00000000]                  call [scanf]
    33 00000010 83C408                          add esp, 4 * 2
    34                                          
    35 00000013 68[04000000]                    push dword b
    36 00000018 68[08000000]                    push dword formatx
    37 0000001D FF15[00000000]                  call [scanf]
    38 00000023 83C408                          add esp, 4 * 2 
    39                                          
    40 00000026 A1[00000000]                    mov eax, [a] 
    41 0000002B 8B1D[04000000]                  mov ebx, [b]
    42 00000031 39D8                            cmp eax, ebx 
    43                                          
    44 00000033 7C04                            jl a_min 
    45 00000035 7F15                            jg b_min
    46 00000037 7426                            je ab_eq 
    47                                          
    48                                      a_min:
    49 00000039 8B0D[00000000]                  mov ecx, [a] 
    50 0000003F 890D[45000000]                  mov [min_val], ecx 
    51 00000045 68[3F000000]                    push dword str_less
    52 0000004A EB26                            jmp final
    53                                      b_min:
    54 0000004C 8B0D[04000000]                  mov ecx, [b]
    55 00000052 890D[45000000]                  mov [min_val], ecx 
    56 00000058 68[41000000]                    push dword str_greater
    57 0000005D EB13                            jmp final 
    58                                          
    59                                      ab_eq:
    60 0000005F 8B0D[00000000]                  mov ecx, [a]
    61 00000065 890D[45000000]                  mov [min_val], ecx 
    62 0000006B 68[43000000]                    push dword str_equal 
    63 00000070 EB00                            jmp final 
    64                                      
    65                                      final:
    66 00000072 FF35[45000000]                  push dword[min_val]
    67 00000078 FF35[04000000]                  push dword[b] 
    68 0000007E FF35[00000000]                  push dword[a]
    69 00000084 68[0B000000]                    push formatPrint
    70                                          
    71 00000089 FF15[00000000]                  call [printf]
    72 0000008F 83C414                          add esp, 4 * 5
    73                                         
    74                                          
    75                                      
    76                                          
    77                                      
    78                                          ; exit(0)
    79 00000092 6A00                            push    dword 0      ; push the parameter for exit onto the stack
    80 00000094 FF15[00000000]                  call    [exit]       ; call exit to terminate the program
