     1                                  bits 32 ; assembling for the 32 bits architecture
     2                                  
     3                                  ; declare the EntryPoint (a label defining the very first instruction of the program)
     4                                  global start        
     5                                  
     6                                  ; declare external functions needed by our program
     7                                  extern exit, scanf, printf, gets
     8                                  import exit msvcrt.dll  
     9                                  import scanf msvcrt.dll
    10                                  import printf msvcrt.dll
    11                                  import gets msvcrt.dll
    12                                  
    13                                  
    14                                  ; B7.Read a string and read one character S. Replace all occurrences of space from the string with the character S. Print on screen the resulted string.
    15                                  ; Ex: s = ana are 7 mere si 5 pere => d = anaSareS7SmereSsiS5Spere
    16                                  
    17                                  ; our data is declared here (the variables needed by our program)
    18                                  segment data use32 class=data
    19 00000000 257300                      format_char db "%s", 0
    20 00000003 <res 00000064>              user_string resb 100
    21 00000067 <res 00000004>              char_s resb 4
    22                                  
    23                                  ; our code starts here
    24                                  segment code use32 class=code
    25                                      start:
    26 00000000 68[03000000]                    push user_string
    27 00000005 FF15[00000000]                  call [gets]
    28 0000000B 83C404                          add esp, 4
    29                                  
    30 0000000E 68[67000000]                    push dword char_s
    31 00000013 68[00000000]                    push dword format_char
    32 00000018 FF15[00000000]                  call [scanf]
    33 0000001E 83C408                          add esp, 4 * 2
    34                                  
    35 00000021 FC                              cld
    36 00000022 BE[03000000]                    mov esi, user_string
    37 00000027 BF[03000000]                    mov edi, user_string
    38                                  
    39 0000002C 8A1D[67000000]                  mov bl, [char_s]
    40                                  
    41                                          iter:
    42 00000032 AC                                  lodsb 
    43                                  
    44 00000033 3C00                                cmp al, 0
    45 00000035 7409                                je final
    46                                  
    47 00000037 3C20                                cmp al, ' '
    48 00000039 7502                                jne save_char 
    49                                  
    50 0000003B 88D8                                mov al, bl 
    51                                          
    52                                          save_char:
    53 0000003D AA                                  stosb 
    54 0000003E EBF2                                jmp iter 
    55                                          
    56                                          final:
    57 00000040 68[03000000]                        push user_string
    58 00000045 68[00000000]                        push format_char
    59 0000004A FF15[00000000]                      call [printf]
    60 00000050 83C408                              add esp, 4*2
    61                                  
    62                                          
    63                                          ; exit(0)
    64 00000053 6A00                            push    dword 0      ; push the parameter for exit onto the stack
    65 00000055 FF15[00000000]                  call    [exit]       ; call exit to terminate the program
